A new version of huggingface_hub (1.32.0) is available! You are using version 1.3.4.
To update, run: curl -LsSf https://hf.co/cli/install.sh | bash -

Fetching 5 files:   0%|          | 0/5 [00:00<?, ?it/s]Warning: You are sending unauthenticated requests to the HF Hub. Please set a HF_TOKEN to enable higher rate limits and faster downloads.
Fetching 5 files:   0%|          | 0/5 [25:02<?, ?it/s]
Traceback (most recent call last):
  File "<REDACTED_PATH>/hf", line 7, in <module>
    sys.exit(main())
             ^^^^^^
  File "<REDACTED_PATH>", line 64, in main
    app()
  File "<REDACTED_PATH>", line 336, in __call__
    raise e
  File "<REDACTED_PATH>", line 319, in __call__
    return get_command(self)(*args, **kwargs)
           ^^^^^^^^^^^^^^^^^^^^^^^^^^^^^^^^^^
  File "<REDACTED_PATH>", line 1485, in __call__
    return self.main(*args, **kwargs)
           ^^^^^^^^^^^^^^^^^^^^^^^^^^
  File "<REDACTED_PATH>", line 814, in main
    return _main(
           ^^^^^^
  File "<REDACTED_PATH>", line 190, in _main
    rv = self.invoke(ctx)
         ^^^^^^^^^^^^^^^^
  File "<REDACTED_PATH>", line 1873, in invoke
    return _process_result(sub_ctx.command.invoke(sub_ctx))
                           ^^^^^^^^^^^^^^^^^^^^^^^^^^^^^^^
  File "<REDACTED_PATH>", line 1269, in invoke
    return ctx.invoke(self.callback, **ctx.params)
           ^^^^^^^^^^^^^^^^^^^^^^^^^^^^^^^^^^^^^^^
  File "<REDACTED_PATH>", line 824, in invoke
    return callback(*args, **kwargs)
           ^^^^^^^^^^^^^^^^^^^^^^^^^
  File "<REDACTED_PATH>", line 706, in wrapper
    return callback(**use_params)
           ^^^^^^^^^^^^^^^^^^^^^^
  File "<REDACTED_PATH>", line 188, in download
    _print_result(run_download())
                  ^^^^^^^^^^^^^^
  File "<REDACTED_PATH>", line 149, in run_download
    return snapshot_download(
           ^^^^^^^^^^^^^^^^^^
  File "<REDACTED_PATH>", line 89, in _inner_fn
    return fn(*args, **kwargs)
           ^^^^^^^^^^^^^^^^^^^
  File "<REDACTED_PATH>", line 449, in snapshot_download
    thread_map(
  File "<REDACTED_PATH>", line 69, in thread_map
    return _executor_map(ThreadPoolExecutor, fn, *iterables, **tqdm_kwargs)
           ^^^^^^^^^^^^^^^^^^^^^^^^^^^^^^^^^^^^^^^^^^^^^^^^^^^^^^^^^^^^^^^^
  File "<REDACTED_PATH>", line 51, in _executor_map
    return list(tqdm_class(ex.map(fn, *iterables, chunksize=chunksize), **kwargs))
           ^^^^^^^^^^^^^^^^^^^^^^^^^^^^^^^^^^^^^^^^^^^^^^^^^^^^^^^^^^^^^^^^^^^^^^^
  File "<REDACTED_PATH>", line 1181, in __iter__
    for obj in iterable:
  File "/usr/lib/python3.12/concurrent/futures/_base.py", line 619, in result_iterator
    yield _result_or_cancel(fs.pop())
          ^^^^^^^^^^^^^^^^^^^^^^^^^^^
  File "/usr/lib/python3.12/concurrent/futures/_base.py", line 317, in _result_or_cancel
    return fut.result(timeout)
           ^^^^^^^^^^^^^^^^^^^
  File "/usr/lib/python3.12/concurrent/futures/_base.py", line 456, in result
    return self.__get_result()
           ^^^^^^^^^^^^^^^^^^^
  File "/usr/lib/python3.12/concurrent/futures/_base.py", line 401, in __get_result
    raise self._exception
  File "/usr/lib/python3.12/concurrent/futures/thread.py", line 58, in run
    result = self.fn(*self.args, **self.kwargs)
             ^^^^^^^^^^^^^^^^^^^^^^^^^^^^^^^^^^
  File "<REDACTED_PATH>", line 429, in _inner_hf_hub_download
    hf_hub_download(  # type: ignore
  File "<REDACTED_PATH>", line 89, in _inner_fn
    return fn(*args, **kwargs)
           ^^^^^^^^^^^^^^^^^^^
  File "<REDACTED_PATH>", line 1003, in hf_hub_download
    return _hf_hub_download_to_local_dir(
           ^^^^^^^^^^^^^^^^^^^^^^^^^^^^^^
  File "<REDACTED_PATH>", line 1451, in _hf_hub_download_to_local_dir
    _download_to_tmp_and_move(
  File "<REDACTED_PATH>", line 1864, in _download_to_tmp_and_move
    xet_get(
  File "<REDACTED_PATH>", line 588, in xet_get
    download_files(
RuntimeError: Data processing error: CAS service error : ReqwestMiddleware Error: Request failed after 5 retries
Fetching 5 files:   0%|          | 0/5 [00:00<?, ?it/s]Warning: You are sending unauthenticated requests to the HF Hub. Please set a HF_TOKEN to enable higher rate limits and faster downloads.
Fetching 5 files:  20%|██        | 1/5 [43:43<2:54:53, 2623.41s/it]Fetching 5 files: 100%|██████████| 5/5 [43:43<00:00, 524.69s/it]   
<REDACTED_PATH>
