### placement: --n-cpu-moe 61 at -ub 4096, 48K
preflight OK: card free, 156 GB RAM available, port 8131 free

=== one_ub4096_61_ctx131072 :: -ub 4096 · place 61 · ctx 131072 · KV q8_0 ===
  healthy in 5s · VRAM 25884 MiB
  [ 49152] cold prefill    636.2 t/s over 43909 tok (72.56s)   decode 9.0 t/s   | warm 3.61s
  stopped.

config                    ub   place  tokens  prefill t/s  decode t/s   warm s  load s    VRAM
------------------------------------------------------------------------------------------------
A_ub1024_cmoe           1024    cmoe    4096        184.7        10.0     3.15       5   22930
A_ub128_cmoe             128    cmoe    4096         32.3         9.9     3.23      76   22530
A_ub2048_cmoe           2048    cmoe    4096        324.3        10.2     3.14       5   23383
A_ub512_cmoe             512    cmoe    4096        100.8        10.1     3.11       5   22705
one_ub2048_cmoe_ctx131072  2048    cmoe   49152        372.8         9.0     3.64       5   23457
one_ub4096_61_ctx131072  4096      61   49152        636.2         9.0     3.61       5   25884
one_ub4096_cmoe_ctx131072  4096    cmoe   49152        640.2         9.0     3.65       5   24296

Baseline to beat: the 2026-09-13 gate read 26.7 t/s at 3,685 tokens (-cmoe -ub 128).
### placement: --n-cpu-moe 60 at -ub 4096, 48K
preflight OK: card free, 156 GB RAM available, port 8131 free

=== one_ub4096_60_ctx131072 :: -ub 4096 · place 60 · ctx 131072 · KV q8_0 ===
  healthy in 5s · VRAM 27483 MiB
  [ 49152] cold prefill    644.9 t/s over 43909 tok (71.52s)   decode 9.3 t/s   | warm 3.46s
  stopped.

config                    ub   place  tokens  prefill t/s  decode t/s   warm s  load s    VRAM
------------------------------------------------------------------------------------------------
A_ub1024_cmoe           1024    cmoe    4096        184.7        10.0     3.15       5   22930
A_ub128_cmoe             128    cmoe    4096         32.3         9.9     3.23      76   22530
A_ub2048_cmoe           2048    cmoe    4096        324.3        10.2     3.14       5   23383
A_ub512_cmoe             512    cmoe    4096        100.8        10.1     3.11       5   22705
one_ub2048_cmoe_ctx131072  2048    cmoe   49152        372.8         9.0     3.64       5   23457
one_ub4096_60_ctx131072  4096      60   49152        644.9         9.3     3.46       5   27483
one_ub4096_61_ctx131072  4096      61   49152        636.2         9.0     3.61       5   25884
one_ub4096_cmoe_ctx131072  4096    cmoe   49152        640.2         9.0     3.65       5   24296

Baseline to beat: the 2026-09-13 gate read 26.7 t/s at 3,685 tokens (-cmoe -ub 128).
### placement: --n-cpu-moe 59 at -ub 4096, 48K
preflight OK: card free, 156 GB RAM available, port 8131 free

=== one_ub4096_59_ctx131072 :: -ub 4096 · place 59 · ctx 131072 · KV q8_0 ===
  healthy in 5s · VRAM 29094 MiB
  [ 49152] cold prefill    656.5 t/s over 43909 tok (70.13s)   decode 9.8 t/s   | warm 3.37s
  stopped.

config                    ub   place  tokens  prefill t/s  decode t/s   warm s  load s    VRAM
------------------------------------------------------------------------------------------------
A_ub1024_cmoe           1024    cmoe    4096        184.7        10.0     3.15       5   22930
A_ub128_cmoe             128    cmoe    4096         32.3         9.9     3.23      76   22530
A_ub2048_cmoe           2048    cmoe    4096        324.3        10.2     3.14       5   23383
A_ub512_cmoe             512    cmoe    4096        100.8        10.1     3.11       5   22705
one_ub2048_cmoe_ctx131072  2048    cmoe   49152        372.8         9.0     3.64       5   23457
one_ub4096_59_ctx131072  4096      59   49152        656.5         9.8     3.37       5   29094
one_ub4096_60_ctx131072  4096      60   49152        644.9         9.3     3.46       5   27483
one_ub4096_61_ctx131072  4096      61   49152        636.2         9.0     3.61       5   25884
one_ub4096_cmoe_ctx131072  4096    cmoe   49152        640.2         9.0     3.65       5   24296

Baseline to beat: the 2026-09-13 gate read 26.7 t/s at 3,685 tokens (-cmoe -ub 128).
### placement: --n-cpu-moe 58 at -ub 4096, 48K
preflight OK: card free, 156 GB RAM available, port 8131 free

=== one_ub4096_58_ctx131072 :: -ub 4096 · place 58 · ctx 131072 · KV q8_0 ===
  healthy in 5s · VRAM 30695 MiB
  [ 49152] cold prefill    666.1 t/s over 43909 tok (69.1s)   decode 10.0 t/s   | warm 3.38s
  stopped.

config                    ub   place  tokens  prefill t/s  decode t/s   warm s  load s    VRAM
------------------------------------------------------------------------------------------------
A_ub1024_cmoe           1024    cmoe    4096        184.7        10.0     3.15       5   22930
A_ub128_cmoe             128    cmoe    4096         32.3         9.9     3.23      76   22530
A_ub2048_cmoe           2048    cmoe    4096        324.3        10.2     3.14       5   23383
A_ub512_cmoe             512    cmoe    4096        100.8        10.1     3.11       5   22705
one_ub2048_cmoe_ctx131072  2048    cmoe   49152        372.8         9.0     3.64       5   23457
one_ub4096_58_ctx131072  4096      58   49152        666.1        10.0     3.38       5   30695
one_ub4096_59_ctx131072  4096      59   49152        656.5         9.8     3.37       5   29094
one_ub4096_60_ctx131072  4096      60   49152        644.9         9.3     3.46       5   27483
one_ub4096_61_ctx131072  4096      61   49152        636.2         9.0     3.61       5   25884
one_ub4096_cmoe_ctx131072  4096    cmoe   49152        640.2         9.0     3.65       5   24296

Baseline to beat: the 2026-09-13 gate read 26.7 t/s at 3,685 tokens (-cmoe -ub 128).
### phase B done

config                    ub   place  tokens  prefill t/s  decode t/s   warm s  load s    VRAM
------------------------------------------------------------------------------------------------
A_ub1024_cmoe           1024    cmoe    4096        184.7        10.0     3.15       5   22930
A_ub128_cmoe             128    cmoe    4096         32.3         9.9     3.23      76   22530
A_ub2048_cmoe           2048    cmoe    4096        324.3        10.2     3.14       5   23383
A_ub512_cmoe             512    cmoe    4096        100.8        10.1     3.11       5   22705
one_ub2048_cmoe_ctx131072  2048    cmoe   49152        372.8         9.0     3.64       5   23457
one_ub4096_58_ctx131072  4096      58   49152        666.1        10.0     3.38       5   30695
one_ub4096_59_ctx131072  4096      59   49152        656.5         9.8     3.37       5   29094
one_ub4096_60_ctx131072  4096      60   49152        644.9         9.3     3.46       5   27483
one_ub4096_61_ctx131072  4096      61   49152        636.2         9.0     3.61       5   25884
one_ub4096_cmoe_ctx131072  4096    cmoe   49152        640.2         9.0     3.65       5   24296

Baseline to beat: the 2026-09-13 gate read 26.7 t/s at 3,685 tokens (-cmoe -ub 128).
