preflight OK: card free, 156 GB RAM available, port 8131 free
PHASE A: the -ub sweep. 128 runs FIRST as the control.

=== A_ub128_cmoe :: -ub 128 · place cmoe · ctx 131072 · KV q8_0 ===
  healthy in 76s · VRAM 22530 MiB
  [  4096] cold prefill     32.3 t/s over 3658 tok (116.47s)   decode 9.9 t/s   | warm 3.23s
  stopped.

=== A_ub512_cmoe :: -ub 512 · place cmoe · ctx 131072 · KV q8_0 ===
  healthy in 5s · VRAM 22705 MiB
  [  4096] cold prefill    100.8 t/s over 3658 tok (39.4s)   decode 10.1 t/s   | warm 3.11s
  stopped.

=== A_ub1024_cmoe :: -ub 1024 · place cmoe · ctx 131072 · KV q8_0 ===
  healthy in 5s · VRAM 22930 MiB
  [  4096] cold prefill    184.7 t/s over 3658 tok (22.93s)   decode 10.0 t/s   | warm 3.15s
  stopped.

=== A_ub2048_cmoe :: -ub 2048 · place cmoe · ctx 131072 · KV q8_0 ===
  healthy in 5s · VRAM 23383 MiB
  [  4096] cold prefill    324.3 t/s over 3658 tok (14.35s)   decode 10.2 t/s   | warm 3.14s
  stopped.

config                    ub   place  tokens  prefill t/s  decode t/s   warm s  load s    VRAM
------------------------------------------------------------------------------------------------
A_ub1024_cmoe           1024    cmoe    4096        184.7        10.0     3.15       5   22930
A_ub128_cmoe             128    cmoe    4096         32.3         9.9     3.23      76   22530
A_ub2048_cmoe           2048    cmoe    4096        324.3        10.2     3.14       5   23383
A_ub512_cmoe             512    cmoe    4096        100.8        10.1     3.11       5   22705

Baseline to beat: the 2026-09-13 gate read 26.7 t/s at 3,685 tokens (-cmoe -ub 128).
