[load] tag=f16_256k asked=262144 got=262144 vram=24780MiB ncmoe=40 kv=f16
{"entries": 2538, "tokens": 229970, "q3": {"letter": "F", "tally": 9264, "task": "recutting of the mill race"}}
[warm] decode=6.59 t/s
[q1 RETRIEVE] 3/3  prompt_n=229982 prefill=193.36 t/s (19.8 min) decode=13.79 t/s
[q2 MULTI-NEEDLE] 8/8  prompt_n=529 prefill=138.42 t/s (0.1 min) decode=14.45 t/s
[q3 INTEGRATE] letter=N tally=N task=N  prompt_n=526 prefill=137.96 t/s (0.1 min) decode=12.90 t/s
        wanted {'letter': 'F', 'tally': 9264, 'task': 'recutting of the mill race'} | got 'H=8175|clearing of the north ditch'
[peak] vram=25226MiB
[done] f16_256k
[load] tag=q8_256k asked=262144 got=262144 vram=21543MiB ncmoe=40 kv=q8_0
{"entries": 2538, "tokens": 229970, "q3": {"letter": "F", "tally": 9264, "task": "recutting of the mill race"}}
[warm] decode=12.54 t/s
[q1 RETRIEVE] 3/3  prompt_n=229982 prefill=197.14 t/s (19.4 min) decode=13.08 t/s
[q2 MULTI-NEEDLE] 8/8  prompt_n=529 prefill=143.44 t/s (0.1 min) decode=12.89 t/s
[q3 INTEGRATE] letter=N tally=N task=N  prompt_n=526 prefill=143.35 t/s (0.1 min) decode=13.14 t/s
        wanted {'letter': 'F', 'tally': 9264, 'task': 'recutting of the mill race'} | got 'H=8175|clearing of the north ditch'
[peak] vram=22019MiB
[done] q8_256k
[load] tag=q8_384k asked=393216 got=393216 vram=23568MiB ncmoe=40 kv=q8_0
{"entries": 3804, "tokens": 344969, "q3": {"letter": "F", "tally": 9264, "task": "seasoning of the oak planks"}}
[warm] decode=22.60 t/s
[q1 RETRIEVE] 3/3  prompt_n=344981 prefill=184.37 t/s (31.2 min) decode=10.11 t/s
[q2 MULTI-NEEDLE] 8/8  prompt_n=529 prefill=126.81 t/s (0.1 min) decode=10.41 t/s
[q3 INTEGRATE] letter=N tally=N task=N  prompt_n=526 prefill=126.31 t/s (0.1 min) decode=9.45 t/s
        wanted {'letter': 'F', 'tally': 9264, 'task': 'seasoning of the oak planks'} | got 'H=8175|tarring of the boat shed'
[peak] vram=24010MiB
[done] q8_384k
[load] tag=q8_512k asked=524288 got=524288 vram=26836MiB ncmoe=40 kv=q8_0
{"entries": 5070, "tokens": 459899, "q3": {"letter": "F", "tally": 9264, "task": "restocking of the grain loft"}}
[warm] decode=22.37 t/s
[q1 RETRIEVE] 3/3  prompt_n=459911 prefill=171.90 t/s (44.6 min) decode=9.18 t/s
[q2 MULTI-NEEDLE] 8/8  prompt_n=529 prefill=112.72 t/s (0.1 min) decode=9.39 t/s
[q3 INTEGRATE] letter=N tally=N task=N  prompt_n=526 prefill=114.32 t/s (0.1 min) decode=9.14 t/s
        wanted {'letter': 'F', 'tally': 9264, 'task': 'restocking of the grain loft'} | got 'H=8175|recutting of the mill race'
[peak] vram=27349MiB
[done] q8_512k
=== ALL RESULTS ===
[load] tag=f16_256k asked=262144 got=262144 vram=24780MiB ncmoe=40 kv=f16
{"entries": 2538, "tokens": 229970, "q3": {"letter": "F", "tally": 9264, "task": "recutting of the mill race"}}
[warm] decode=6.59 t/s
[q1 RETRIEVE] 3/3  prompt_n=229982 prefill=193.36 t/s (19.8 min) decode=13.79 t/s
[q2 MULTI-NEEDLE] 8/8  prompt_n=529 prefill=138.42 t/s (0.1 min) decode=14.45 t/s
[q3 INTEGRATE] letter=N tally=N task=N  prompt_n=526 prefill=137.96 t/s (0.1 min) decode=12.90 t/s
        wanted {'letter': 'F', 'tally': 9264, 'task': 'recutting of the mill race'} | got 'H=8175|clearing of the north ditch'
[peak] vram=25226MiB
[done] f16_256k
[load] tag=q8_256k asked=262144 got=262144 vram=21543MiB ncmoe=40 kv=q8_0
{"entries": 2538, "tokens": 229970, "q3": {"letter": "F", "tally": 9264, "task": "recutting of the mill race"}}
[warm] decode=12.54 t/s
[q1 RETRIEVE] 3/3  prompt_n=229982 prefill=197.14 t/s (19.4 min) decode=13.08 t/s
[q2 MULTI-NEEDLE] 8/8  prompt_n=529 prefill=143.44 t/s (0.1 min) decode=12.89 t/s
[q3 INTEGRATE] letter=N tally=N task=N  prompt_n=526 prefill=143.35 t/s (0.1 min) decode=13.14 t/s
        wanted {'letter': 'F', 'tally': 9264, 'task': 'recutting of the mill race'} | got 'H=8175|clearing of the north ditch'
[peak] vram=22019MiB
[done] q8_256k
[load] tag=q8_384k asked=393216 got=393216 vram=23568MiB ncmoe=40 kv=q8_0
{"entries": 3804, "tokens": 344969, "q3": {"letter": "F", "tally": 9264, "task": "seasoning of the oak planks"}}
[warm] decode=22.60 t/s
[q1 RETRIEVE] 3/3  prompt_n=344981 prefill=184.37 t/s (31.2 min) decode=10.11 t/s
[q2 MULTI-NEEDLE] 8/8  prompt_n=529 prefill=126.81 t/s (0.1 min) decode=10.41 t/s
[q3 INTEGRATE] letter=N tally=N task=N  prompt_n=526 prefill=126.31 t/s (0.1 min) decode=9.45 t/s
        wanted {'letter': 'F', 'tally': 9264, 'task': 'seasoning of the oak planks'} | got 'H=8175|tarring of the boat shed'
[peak] vram=24010MiB
[done] q8_384k
[load] tag=q8_512k asked=524288 got=524288 vram=26836MiB ncmoe=40 kv=q8_0
{"entries": 5070, "tokens": 459899, "q3": {"letter": "F", "tally": 9264, "task": "restocking of the grain loft"}}
[warm] decode=22.37 t/s
[q1 RETRIEVE] 3/3  prompt_n=459911 prefill=171.90 t/s (44.6 min) decode=9.18 t/s
[q2 MULTI-NEEDLE] 8/8  prompt_n=529 prefill=112.72 t/s (0.1 min) decode=9.39 t/s
[q3 INTEGRATE] letter=N tally=N task=N  prompt_n=526 prefill=114.32 t/s (0.1 min) decode=9.14 t/s
        wanted {'letter': 'F', 'tally': 9264, 'task': 'restocking of the grain loft'} | got 'H=8175|recutting of the mill race'
[peak] vram=27349MiB
[done] q8_512k
