[load] A_baseline preset=quality ctx=131072 vram=17229MiB load=225s args='-cmoe'
{"entries": 490, "tokens": 16007}
[read] prompt_n=16011 prefill=81.64 t/s (3.3 min) decode=10.25 t/s
[peak] 17309 MiB
[load] B_ubatch2048 preset=quality ctx=131072 vram=17933MiB load=5s args='-cmoe --batch-size 4096 --ubatch-size 2048'
{"entries": 490, "tokens": 16007}
[read] prompt_n=16011 prefill=260.82 t/s (1.0 min) decode=10.80 t/s
[peak] 18133 MiB
[load] C_ncmoe_q8 preset=quality ctx=131072 vram=16662MiB load=5s args='--n-cpu-moe 50 --cache-type-k q8_0 --cache-type-v q8_0'
{"entries": 490, "tokens": 16007}
[read] prompt_n=16011 prefill=82.41 t/s (3.2 min) decode=10.92 t/s
[peak] 17834 MiB
[load] D_both preset=quality ctx=131072 vram=17465MiB load=5s args='--n-cpu-moe 50 --cache-type-k q8_0 --cache-type-v q8_0 --batch-size 4096 --ubatch-size 2048'
{"entries": 490, "tokens": 16007}
[read] prompt_n=16011 prefill=255.12 t/s (1.0 min) decode=10.52 t/s
[peak] 17667 MiB
[load] E_fast_preset preset=fast ctx=131072 vram=26397MiB load=125s args='--n-cpu-moe 36'
{"entries": 490, "tokens": 16007}
[read] prompt_n=16011 prefill=138.91 t/s (1.9 min) decode=13.33 t/s
[peak] 26503 MiB
=== SUMMARY ===
[load] A_baseline preset=quality ctx=131072 vram=17229MiB load=225s args='-cmoe'
{"entries": 490, "tokens": 16007}
[read] prompt_n=16011 prefill=81.64 t/s (3.3 min) decode=10.25 t/s
[peak] 17309 MiB
[load] B_ubatch2048 preset=quality ctx=131072 vram=17933MiB load=5s args='-cmoe --batch-size 4096 --ubatch-size 2048'
{"entries": 490, "tokens": 16007}
[read] prompt_n=16011 prefill=260.82 t/s (1.0 min) decode=10.80 t/s
[peak] 18133 MiB
[load] C_ncmoe_q8 preset=quality ctx=131072 vram=16662MiB load=5s args='--n-cpu-moe 50 --cache-type-k q8_0 --cache-type-v q8_0'
{"entries": 490, "tokens": 16007}
[read] prompt_n=16011 prefill=82.41 t/s (3.2 min) decode=10.92 t/s
[peak] 17834 MiB
[load] D_both preset=quality ctx=131072 vram=17465MiB load=5s args='--n-cpu-moe 50 --cache-type-k q8_0 --cache-type-v q8_0 --batch-size 4096 --ubatch-size 2048'
{"entries": 490, "tokens": 16007}
[read] prompt_n=16011 prefill=255.12 t/s (1.0 min) decode=10.52 t/s
[peak] 17667 MiB
[load] E_fast_preset preset=fast ctx=131072 vram=26397MiB load=125s args='--n-cpu-moe 36'
{"entries": 490, "tokens": 16007}
[read] prompt_n=16011 prefill=138.91 t/s (1.9 min) decode=13.33 t/s
[peak] 26503 MiB
