=== PHASE 2: grid 3 prompts x 4 efforts x 3 reps (top-level field) ===
  grid_marble_xhigh_r1             ptok=112 rtok=399 vtok=137 ctok=539 fin=stop 8.524s
  grid_marble_xhigh_r2             ptok=112 rtok=399 vtok=137 ctok=539 fin=stop 8.579s
  grid_marble_xhigh_r3             ptok=112 rtok=399 vtok=137 ctok=539 fin=stop 8.394s
  grid_marble_medium_r1            ptok=70 rtok=339 vtok=309 ctok=651 fin=stop 10.14s
  grid_marble_medium_r2            ptok=70 rtok=339 vtok=309 ctok=651 fin=stop 10.256s
  grid_marble_medium_r3            ptok=70 rtok=339 vtok=309 ctok=651 fin=stop 10.108s
  grid_marble_low_r1               ptok=100 rtok=283 vtok=278 ctok=564 fin=stop 8.883s
  grid_marble_low_r2               ptok=100 rtok=283 vtok=278 ctok=564 fin=stop 8.952s
  grid_marble_low_r3               ptok=100 rtok=283 vtok=278 ctok=564 fin=stop 8.788s
  grid_marble_absent_r1            ptok=112 rtok=399 vtok=137 ctok=539 fin=stop 8.529s
  grid_marble_absent_r2            ptok=112 rtok=399 vtok=137 ctok=539 fin=stop 8.412s
  grid_marble_absent_r3            ptok=112 rtok=399 vtok=137 ctok=539 fin=stop 8.413s
  grid_c6_toggle_xhigh_r1          ptok=111 rtok=126 vtok=48 ctok=177 fin=stop 2.92s
  grid_c6_toggle_xhigh_r2          ptok=111 rtok=126 vtok=48 ctok=177 fin=stop 3.047s
  grid_c6_toggle_xhigh_r3          ptok=111 rtok=126 vtok=48 ctok=177 fin=stop 2.843s
  grid_c6_toggle_medium_r1         ptok=69 rtok=122 vtok=118 ctok=243 fin=stop 3.891s
  grid_c6_toggle_medium_r2         ptok=69 rtok=122 vtok=118 ctok=243 fin=stop 3.995s
  grid_c6_toggle_medium_r3         ptok=69 rtok=122 vtok=118 ctok=243 fin=stop 3.868s
  grid_c6_toggle_low_r1            ptok=99 rtok=78 vtok=59 ctok=140 fin=stop 2.369s
  grid_c6_toggle_low_r2            ptok=99 rtok=78 vtok=59 ctok=140 fin=stop 2.415s
  grid_c6_toggle_low_r3            ptok=99 rtok=78 vtok=59 ctok=140 fin=stop 2.257s
  grid_c6_toggle_absent_r1         ptok=111 rtok=126 vtok=48 ctok=177 fin=stop 2.865s
  grid_c6_toggle_absent_r2         ptok=111 rtok=126 vtok=48 ctok=177 fin=stop 3.018s
  grid_c6_toggle_absent_r3         ptok=111 rtok=126 vtok=48 ctok=177 fin=stop 2.837s
  grid_c5_budget_xhigh_r1          ptok=99 rtok=123 vtok=64 ctok=190 fin=stop 3.136s
  grid_c5_budget_xhigh_r2          ptok=99 rtok=123 vtok=64 ctok=190 fin=stop 3.254s
  grid_c5_budget_xhigh_r3          ptok=99 rtok=123 vtok=64 ctok=190 fin=stop 3.044s
  grid_c5_budget_medium_r1         ptok=57 rtok=405 vtok=126 ctok=534 fin=stop 8.364s
  grid_c5_budget_medium_r2         ptok=57 rtok=405 vtok=126 ctok=534 fin=stop 8.449s
  grid_c5_budget_medium_r3         ptok=57 rtok=405 vtok=126 ctok=534 fin=stop 8.318s
  grid_c5_budget_low_r1            ptok=87 rtok=90 vtok=69 ctok=162 fin=stop 2.69s
  grid_c5_budget_low_r2            ptok=87 rtok=90 vtok=69 ctok=162 fin=stop 2.745s
  grid_c5_budget_low_r3            ptok=87 rtok=90 vtok=69 ctok=162 fin=stop 2.596s
  grid_c5_budget_absent_r1         ptok=99 rtok=123 vtok=64 ctok=190 fin=stop 3.059s
  grid_c5_budget_absent_r2         ptok=99 rtok=123 vtok=64 ctok=190 fin=stop 3.182s
  grid_c5_budget_absent_r3         ptok=99 rtok=123 vtok=64 ctok=190 fin=stop 3.027s
DONE
