### 1/2 ceiling: -ub 4096 at 4K
preflight OK - card free, 156 GB RAM available, port <PORT> free

=== one_ub4096_cmoe_ctx131072 :: -ub 4096 · place cmoe · ctx 131072 · KV q8_0 ===
  healthy in 5s · VRAM 24359 MiB
  [  4096] cold prefill    564.0 t/s over 3658 tok (9.84s)   decode 9.3 t/s   | warm 3.37s
  stopped.

config                    ub   place  tokens  prefill t/s  decode t/s   warm s  load s    VRAM
------------------------------------------------------------------------------------------------
A_ub1024_cmoe           1024    cmoe    4096        184.7        10.0     3.15       5   22930
A_ub128_cmoe             128    cmoe    4096         32.3         9.9     3.23      76   22530
A_ub2048_cmoe           2048    cmoe    4096        324.3        10.2     3.14       5   23383
A_ub512_cmoe             512    cmoe    4096        100.8        10.1     3.11       5   22705
one_ub4096_cmoe_ctx131072  4096    cmoe    4096        564.0         9.3     3.37       5   24359

Baseline to beat: the 2026-09-13 gate read 26.7 t/s at 3,685 tokens (-cmoe -ub 128).

### 2/2 depth: -ub 2048 at 48K, own server, genuinely cold
preflight OK - card free, 156 GB RAM available, port <PORT> free

=== one_ub2048_cmoe_ctx131072 :: -ub 2048 · place cmoe · ctx 131072 · KV q8_0 ===
  healthy in 5s · VRAM 23457 MiB
  [ 49152] cold prefill    372.8 t/s over 43909 tok (121.32s)   decode 9.0 t/s   | warm 3.64s
  stopped.

config                    ub   place  tokens  prefill t/s  decode t/s   warm s  load s    VRAM
------------------------------------------------------------------------------------------------
A_ub1024_cmoe           1024    cmoe    4096        184.7        10.0     3.15       5   22930
A_ub128_cmoe             128    cmoe    4096         32.3         9.9     3.23      76   22530
A_ub2048_cmoe           2048    cmoe    4096        324.3        10.2     3.14       5   23383
A_ub512_cmoe             512    cmoe    4096        100.8        10.1     3.11       5   22705
one_ub2048_cmoe_ctx131072  2048    cmoe   49152        372.8         9.0     3.64       5   23457
one_ub4096_cmoe_ctx131072  4096    cmoe    4096        564.0         9.3     3.37       5   24359

Baseline to beat: the 2026-09-13 gate read 26.7 t/s at 3,685 tokens (-cmoe -ub 128).
